mode: set
shop-microservice/internal/api/router.go:12.57,19.39 5 1
shop-microservice/internal/api/router.go:19.39,21.3 1 1
shop-microservice/internal/api/router.go:22.2,23.2 2 1
shop-microservice/internal/api/router.go:23.2,29.3 5 1
shop-microservice/internal/api/router.go:31.2,31.15 1 1
shop-microservice/internal/api/handlers/handler.go:16.57,20.2 1 1
shop-microservice/internal/api/handlers/handler.go:22.47,25.49 2 1
shop-microservice/internal/api/handlers/handler.go:25.49,31.3 2 0
shop-microservice/internal/api/handlers/handler.go:33.2,34.59 2 1
shop-microservice/internal/api/handlers/handler.go:34.59,35.45 1 1
shop-microservice/internal/api/handlers/handler.go:35.45,37.4 1 1
shop-microservice/internal/api/handlers/handler.go:37.9,39.4 1 1
shop-microservice/internal/api/handlers/handler.go:40.3,40.9 1 1
shop-microservice/internal/api/handlers/handler.go:43.2,46.4 1 0
shop-microservice/internal/api/handlers/handler.go:49.48,54.16 4 0
shop-microservice/internal/api/handlers/handler.go:54.16,60.3 2 0
shop-microservice/internal/api/handlers/handler.go:62.2,62.30 1 0
shop-microservice/internal/api/handlers/handler.go:65.48,68.16 3 1
shop-microservice/internal/api/handlers/handler.go:68.16,73.3 2 1
shop-microservice/internal/api/handlers/handler.go:75.2,75.31 1 0
shop-microservice/internal/api/handlers/handler.go:78.47,81.16 3 1
shop-microservice/internal/api/handlers/handler.go:81.16,84.3 2 1
shop-microservice/internal/api/handlers/handler.go:86.2,86.31 1 0
shop-microservice/internal/api/handlers/handler.go:89.44,100.2 2 0
shop-microservice/internal/api/handlers/handler.go:102.30,104.2 1 0
shop-microservice/internal/api/middleware/middleware.go:9.50,10.30 1 1
shop-microservice/internal/api/middleware/middleware.go:10.30,12.20 2 1
shop-microservice/internal/api/middleware/middleware.go:12.20,18.4 3 0
shop-microservice/internal/api/middleware/middleware.go:20.3,20.50 1 1
shop-microservice/internal/api/middleware/middleware.go:20.50,27.4 3 1
shop-microservice/internal/api/middleware/middleware.go:29.3,29.11 1 1
shop-microservice/internal/api/middleware/validation.go:15.44,16.37 1 1
shop-microservice/internal/api/middleware/validation.go:16.37,18.3 1 1
shop-microservice/internal/api/middleware/validation.go:20.2,20.37 1 1
shop-microservice/internal/api/middleware/validation.go:20.37,22.3 1 1
shop-microservice/internal/api/middleware/validation.go:24.2,24.40 1 1
shop-microservice/internal/api/middleware/validation.go:24.40,26.3 1 1
shop-microservice/internal/api/middleware/validation.go:29.2,29.60 1 1
shop-microservice/internal/api/middleware/validation.go:29.60,31.3 1 1
shop-microservice/internal/api/middleware/validation.go:34.2,34.26 1 1
shop-microservice/internal/api/middleware/validation.go:34.26,36.3 1 1
shop-microservice/internal/api/middleware/validation.go:38.2,38.12 1 1
shop-microservice/internal/api/middleware/validation.go:41.33,42.22 1 1
shop-microservice/internal/api/middleware/validation.go:42.22,43.25 1 1
shop-microservice/internal/api/middleware/validation.go:43.25,45.4 1 1
shop-microservice/internal/api/middleware/validation.go:47.2,47.13 1 1
shop-microservice/internal/application/usecases/order_usecase.go:43.16,44.18 1 1
shop-microservice/internal/application/usecases/order_usecase.go:44.18,46.3 1 0
shop-microservice/internal/application/usecases/order_usecase.go:47.2,47.21 1 1
shop-microservice/internal/application/usecases/order_usecase.go:47.21,49.3 1 0
shop-microservice/internal/application/usecases/order_usecase.go:51.2,59.11 3 1
shop-microservice/internal/application/usecases/order_usecase.go:62.40,63.34 1 1
shop-microservice/internal/application/usecases/order_usecase.go:63.34,65.29 2 1
shop-microservice/internal/application/usecases/order_usecase.go:65.29,68.4 2 1
shop-microservice/internal/application/usecases/order_usecase.go:72.54,73.37 1 1
shop-microservice/internal/application/usecases/order_usecase.go:73.37,75.69 2 1
shop-microservice/internal/application/usecases/order_usecase.go:75.69,77.4 1 0
shop-microservice/internal/application/usecases/order_usecase.go:77.9,79.4 1 1
shop-microservice/internal/application/usecases/order_usecase.go:83.84,84.48 1 1
shop-microservice/internal/application/usecases/order_usecase.go:84.48,86.3 1 0
shop-microservice/internal/application/usecases/order_usecase.go:89.2,92.49 2 1
shop-microservice/internal/application/usecases/order_usecase.go:92.49,94.3 1 0
shop-microservice/internal/application/usecases/order_usecase.go:97.2,97.9 1 1
shop-microservice/internal/application/usecases/order_usecase.go:98.32,99.13 1 1
shop-microservice/internal/application/usecases/order_usecase.go:100.10,101.56 1 0
shop-microservice/internal/application/usecases/order_usecase.go:105.92,107.47 1 1
shop-microservice/internal/application/usecases/order_usecase.go:107.47,109.3 1 0
shop-microservice/internal/application/usecases/order_usecase.go:112.2,113.16 2 1
shop-microservice/internal/application/usecases/order_usecase.go:113.16,115.3 1 0
shop-microservice/internal/application/usecases/order_usecase.go:118.2,119.19 2 1
shop-microservice/internal/application/usecases/order_usecase.go:122.83,125.27 2 1
shop-microservice/internal/application/usecases/order_usecase.go:125.27,127.3 1 1
shop-microservice/internal/application/usecases/order_usecase.go:130.2,131.16 2 1
shop-microservice/internal/application/usecases/order_usecase.go:131.16,133.3 1 0
shop-microservice/internal/application/usecases/order_usecase.go:136.2,136.31 1 1
shop-microservice/internal/application/usecases/order_usecase.go:136.31,137.19 1 1
shop-microservice/internal/application/usecases/order_usecase.go:137.19,139.4 1 1
shop-microservice/internal/application/usecases/order_usecase.go:142.2,142.20 1 1
shop-microservice/internal/application/usecases/order_usecase.go:145.65,146.26 1 1
shop-microservice/internal/application/usecases/order_usecase.go:146.26,148.3 1 1
shop-microservice/internal/application/usecases/order_usecase.go:149.2,149.29 1 1
shop-microservice/internal/application/usecases/order_usecase.go:149.29,151.3 1 1
shop-microservice/internal/application/usecases/order_usecase.go:152.2,152.23 1 1
shop-microservice/internal/application/usecases/order_usecase.go:152.23,154.3 1 1
shop-microservice/internal/application/usecases/order_usecase.go:155.2,155.28 1 1
shop-microservice/internal/application/usecases/order_usecase.go:155.28,157.3 1 1
shop-microservice/internal/application/usecases/order_usecase.go:158.2,158.27 1 1
shop-microservice/internal/application/usecases/order_usecase.go:158.27,160.3 1 1
shop-microservice/internal/application/usecases/order_usecase.go:161.2,161.37 1 1
shop-microservice/internal/application/usecases/order_usecase.go:161.37,163.3 1 1
shop-microservice/internal/application/usecases/order_usecase.go:164.2,164.12 1 1
shop-microservice/internal/application/usecases/order_usecase.go:167.90,177.16 3 1
shop-microservice/internal/application/usecases/order_usecase.go:177.16,181.3 3 1
shop-microservice/internal/application/usecases/order_usecase.go:183.2,184.20 2 1
shop-microservice/internal/application/usecases/order_usecase.go:187.36,191.2 3 1
shop-microservice/internal/infrastructure/cache/cache_adapter.go:13.55,15.2 1 1
shop-microservice/internal/infrastructure/cache/cache_adapter.go:17.61,19.2 1 1
shop-microservice/internal/infrastructure/cache/cache_adapter.go:21.62,23.2 1 1
shop-microservice/internal/infrastructure/cache/cache_adapter.go:25.49,27.2 1 1
shop-microservice/internal/infrastructure/cache/cache_adapter.go:29.44,31.2 1 1
shop-microservice/internal/infrastructure/cache/cache_adapter.go:33.36,35.2 1 1
shop-microservice/internal/infrastructure/cache/cache_adapter.go:37.33,39.2 1 1
shop-microservice/internal/infrastructure/cache/cache_adapter.go:41.73,43.2 1 1
shop-microservice/internal/infrastructure/cache/order_cache.go:20.66,22.2 1 0
shop-microservice/internal/infrastructure/cache/order_cache.go:29.23,34.2 1 1
shop-microservice/internal/infrastructure/cache/order_cache.go:36.53,44.2 4 1
shop-microservice/internal/infrastructure/cache/order_cache.go:46.54,51.12 4 1
shop-microservice/internal/infrastructure/cache/order_cache.go:51.12,56.3 4 1
shop-microservice/internal/infrastructure/cache/order_cache.go:57.2,57.22 1 1
shop-microservice/internal/infrastructure/cache/order_cache.go:60.45,65.37 4 1
shop-microservice/internal/infrastructure/cache/order_cache.go:65.37,67.3 1 1
shop-microservice/internal/infrastructure/cache/order_cache.go:68.2,68.15 1 1
shop-microservice/internal/infrastructure/cache/order_cache.go:71.40,75.2 3 1
shop-microservice/internal/infrastructure/cache/order_cache.go:77.32,81.2 3 1
shop-microservice/internal/infrastructure/cache/order_cache.go:83.29,87.2 3 1
shop-microservice/internal/infrastructure/cache/order_cache.go:90.69,97.16 5 1
shop-microservice/internal/infrastructure/cache/order_cache.go:97.16,99.3 1 1
shop-microservice/internal/infrastructure/cache/order_cache.go:101.2,107.31 4 1
shop-microservice/internal/infrastructure/cache/order_cache.go:107.31,108.19 1 1
shop-microservice/internal/infrastructure/cache/order_cache.go:108.19,110.4 1 1
shop-microservice/internal/infrastructure/cache/order_cache.go:113.2,114.12 2 1
